[READ] 2025-09-19T02:25:42.615Z 4 tasks:0
[READ] 2025-09-19T02:26:02.392Z 4 tasks:0
[READ] 2025-09-19T02:51:11.122Z 4 tasks:0
[READ] 2025-09-19T12:12:07.073Z 4 tasks:0
[READ] 2025-09-19T12:33:57.857Z 4 tasks:0
[READ] 2025-09-19T12:34:13.684Z 4 tasks:0
[CREATE] 2025-09-19T12:34:31.683Z 4 task:11
[READ] 2025-09-19T12:34:31.694Z 4 tasks:0
[CREATE] 2025-09-19T13:29:44.650Z actor:4 task:12
[CREATE] 2025-09-19T13:31:35.860Z actor:4 task:13
[CREATE] 2025-09-19T13:32:25.236Z actor:4 task:14
[CREATE] 2025-09-19T13:32:46.063Z actor:4 task:15
[CREATE] 2025-09-19T13:34:24.886Z actor:4 task:16
[CREATE] 2025-09-19T13:38:20.504Z actor:4 task:17
[CREATE] 2025-09-19T13:41:58.820Z actor:4 task:18
[CREATE] 2025-09-19T13:43:42.574Z actor:4 task:19
[CREATE] 2025-09-19T14:06:43.263Z actor:4 task:20
[CREATE] 2025-09-19T14:18:30.614Z actor:4 task:21
[CREATE] 2025-09-19T14:19:49.311Z actor:4 task:22
[CREATE] 2025-09-19T14:42:37.474Z actor:4 task:23
[CREATE] 2025-09-19T15:07:12.717Z actor:4 task:24
[CREATE] 2025-09-19T15:07:45.328Z actor:4 task:25
[CREATE] 2025-09-19T15:09:48.879Z actor:4 task:26
[CREATE] 2025-09-19T15:11:50.549Z actor:4 task:27
[CREATE] 2025-09-19T15:20:42.404Z actor:4 task:28
[CREATE] 2025-09-19T15:20:49.700Z actor:4 task:29
[CREATE] 2025-09-19T15:21:03.967Z actor:4 task:30
[UPDATE] 2025-09-19T15:58:08.434Z actor:4 task:2
[UPDATE] 2025-09-19T15:58:10.067Z actor:4 task:2
[DELETE] 2025-09-19T15:58:12.457Z actor:4 task:2
[UPDATE] 2025-09-19T15:58:16.447Z actor:4 task:1
[UPDATE] 2025-09-19T15:58:17.063Z actor:4 task:1
[UPDATE] 2025-09-19T15:58:17.245Z actor:4 task:1
[UPDATE] 2025-09-19T15:58:17.449Z actor:4 task:1
[UPDATE] 2025-09-19T15:58:19.329Z actor:4 task:1
[UPDATE] 2025-09-19T15:58:20.743Z actor:4 task:1
[UPDATE] 2025-09-19T15:58:21.506Z actor:4 task:1
[UPDATE] 2025-09-19T15:58:21.966Z actor:4 task:1
[UPDATE] 2025-09-19T15:58:40.467Z actor:4 task:5
[UPDATE] 2025-09-19T15:58:42.202Z actor:4 task:6
[UPDATE] 2025-09-19T15:58:43.054Z actor:4 task:7
[UPDATE] 2025-09-19T15:58:45.283Z actor:4 task:8
[UPDATE] 2025-09-19T15:58:46.213Z actor:4 task:9
[UPDATE] 2025-09-19T15:58:47.140Z actor:4 task:10
[DELETE] 2025-09-19T15:59:11.425Z actor:4 task:1
[DELETE] 2025-09-19T15:59:12.215Z actor:4 task:3
[DELETE] 2025-09-19T15:59:12.759Z actor:4 task:4
[DELETE] 2025-09-19T15:59:12.980Z actor:4 task:11
[DELETE] 2025-09-19T15:59:13.191Z actor:4 task:12
[DELETE] 2025-09-19T15:59:13.389Z actor:4 task:13
[DELETE] 2025-09-19T15:59:14.103Z actor:4 task:14
[DELETE] 2025-09-19T15:59:14.615Z actor:4 task:15
[DELETE] 2025-09-19T15:59:14.797Z actor:4 task:16
[DELETE] 2025-09-19T15:59:15.031Z actor:4 task:17
[DELETE] 2025-09-19T15:59:15.239Z actor:4 task:18
[DELETE] 2025-09-19T15:59:15.441Z actor:4 task:19
[DELETE] 2025-09-19T15:59:15.638Z actor:4 task:20
[DELETE] 2025-09-19T15:59:15.848Z actor:4 task:21
[DELETE] 2025-09-19T15:59:16.060Z actor:4 task:22
[UPDATE] 2025-09-19T15:59:18.967Z actor:4 task:30
[UPDATE] 2025-09-19T15:59:20.303Z actor:4 task:29
[UPDATE] 2025-09-19T15:59:24.723Z actor:4 task:28
[UPDATE] 2025-09-19T15:59:48.020Z actor:4 task:23
[CREATE] 2025-09-19T16:01:41.776Z actor:4 task:31
[UPDATE] 2025-09-19T16:16:02.809Z actor:4 task:5
[UPDATE] 2025-09-19T16:16:03.703Z actor:4 task:5
[UPDATE] 2025-09-19T16:16:03.904Z actor:4 task:5
[UPDATE] 2025-09-19T16:16:04.120Z actor:4 task:5
[UPDATE] 2025-09-19T16:16:04.616Z actor:4 task:5
[UPDATE] 2025-09-19T16:16:04.823Z actor:4 task:5
[UPDATE] 2025-09-19T16:16:05.293Z actor:4 task:5
[UPDATE] 2025-09-19T16:16:06.291Z actor:4 task:6
[UPDATE] 2025-09-19T16:16:07.413Z actor:4 task:6
[UPDATE] 2025-09-19T16:16:07.630Z actor:4 task:6
[UPDATE] 2025-09-19T16:16:08.745Z actor:4 task:7
[DELETE] 2025-09-19T16:16:39.389Z actor:4 task:5
[UPDATE] 2025-09-19T16:18:03.129Z actor:4 task:6
[UPDATE] 2025-09-19T16:18:04.326Z actor:4 task:6
[UPDATE] 2025-09-19T16:18:17.233Z actor:4 task:26
[UPDATE] 2025-09-19T16:18:20.559Z actor:4 task:31
[UPDATE] 2025-09-19T16:18:21.361Z actor:4 task:31
[UPDATE] 2025-09-19T16:18:21.562Z actor:4 task:31
[UPDATE] 2025-09-19T16:18:30.720Z actor:4 task:6
[DELETE] 2025-09-19T16:18:32.311Z actor:4 task:6
[UPDATE] 2025-09-19T16:18:33.869Z actor:4 task:7
[UPDATE] 2025-09-19T16:18:34.712Z actor:4 task:7
[UPDATE] 2025-09-19T16:18:34.934Z actor:4 task:7
[UPDATE] 2025-09-19T16:18:35.132Z actor:4 task:7
[UPDATE] 2025-09-19T16:18:35.830Z actor:4 task:7
[UPDATE] 2025-09-19T16:18:36.026Z actor:4 task:7
[UPDATE] 2025-09-19T16:18:36.228Z actor:4 task:7
[UPDATE] 2025-09-19T16:18:36.598Z actor:4 task:7
[UPDATE] 2025-09-19T16:18:36.889Z actor:4 task:7
[UPDATE] 2025-09-19T16:18:37.170Z actor:4 task:7
[UPDATE] 2025-09-19T16:18:42.565Z actor:4 task:23
[DELETE] 2025-09-19T16:18:43.930Z actor:4 task:29
[DELETE] 2025-09-19T16:18:45.198Z actor:4 task:30
[UPDATE] 2025-09-19T16:18:46.247Z actor:4 task:31
[UPDATE] 2025-09-19T16:18:46.455Z actor:4 task:31
[UPDATE] 2025-09-19T16:18:46.657Z actor:4 task:31
[UPDATE] 2025-09-19T16:18:54.546Z actor:4 task:7
[CREATE] 2025-09-19T16:40:37.763Z actor:4 task:32
[UPDATE] 2025-09-19T16:40:43.359Z actor:4 task:7
[UPDATE] 2025-09-19T16:40:44.589Z actor:4 task:7
[UPDATE] 2025-09-19T16:40:45.126Z actor:4 task:7
[UPDATE] 2025-09-19T16:40:52.828Z actor:4 task:8
[UPDATE] 2025-09-19T16:41:02.810Z actor:4 task:8
[UPDATE] 2025-09-19T16:41:04.473Z actor:4 task:9
[UPDATE] 2025-09-19T16:41:06.314Z actor:4 task:24
[UPDATE] 2025-09-19T16:41:07.904Z actor:4 task:26
[UPDATE] 2025-09-19T16:41:09.256Z actor:4 task:7
[UPDATE] 2025-09-19T16:41:09.481Z actor:4 task:7
[UPDATE] 2025-09-19T16:41:09.698Z actor:4 task:7
[UPDATE] 2025-09-19T16:41:15.292Z actor:4 task:7
[UPDATE] 2025-09-19T16:41:15.520Z actor:4 task:7
[UPDATE] 2025-09-19T16:41:15.717Z actor:4 task:7
[UPDATE] 2025-09-19T16:41:16.438Z actor:4 task:7
[UPDATE] 2025-09-19T16:41:16.633Z actor:4 task:7
[UPDATE] 2025-09-19T16:41:17.376Z actor:4 task:8
[DELETE] 2025-09-19T16:41:19.375Z actor:4 task:7
[UPDATE] 2025-09-19T16:41:21.204Z actor:4 task:8
[UPDATE] 2025-09-19T16:41:38.266Z actor:4 task:10
[UPDATE] 2025-09-19T16:41:38.853Z actor:4 task:10
[UPDATE] 2025-09-19T16:41:39.047Z actor:4 task:10
[UPDATE] 2025-09-19T16:41:39.470Z actor:4 task:10
[UPDATE] 2025-09-19T16:41:40.682Z actor:4 task:25
[UPDATE] 2025-09-19T16:41:40.844Z actor:4 task:25
[UPDATE] 2025-09-19T16:41:54.303Z actor:4 task:8
[UPDATE] 2025-09-19T16:41:59.720Z actor:4 task:32
[UPDATE] 2025-09-19T16:42:02.050Z actor:4 task:27
[UPDATE] 2025-09-19T16:42:09.886Z actor:4 task:8
[UPDATE] 2025-09-19T16:42:10.076Z actor:4 task:8
[UPDATE] 2025-09-19T16:42:10.256Z actor:4 task:8
[UPDATE] 2025-09-19T16:44:20.976Z actor:4 task:8
[UPDATE] 2025-09-19T16:44:23.238Z actor:4 task:9
[UPDATE] 2025-09-19T16:44:24.131Z actor:4 task:10
[UPDATE] 2025-09-19T16:44:27.271Z actor:4 task:23
[UPDATE] 2025-09-19T16:44:30.269Z actor:4 task:24
[UPDATE] 2025-09-19T16:44:42.690Z actor:4 task:32
[UPDATE] 2025-09-19T17:11:45.396Z actor:4 task:24
[UPDATE] 2025-09-19T17:11:45.595Z actor:4 task:24
[UPDATE] 2025-09-19T17:11:45.790Z actor:4 task:24
[UPDATE] 2025-09-19T17:31:53.048Z actor:4 task:24
[UPDATE] 2025-09-19T17:31:56.306Z actor:4 task:25
[UPDATE] 2025-09-19T17:31:59.020Z actor:4 task:28
[UPDATE] 2025-09-19T17:32:05.853Z actor:4 task:26
[UPDATE] 2025-09-19T17:32:18.828Z actor:4 task:27
[UPDATE] 2025-09-19T17:33:47.106Z actor:4 task:26
[UPDATE] 2025-09-19T17:33:48.311Z actor:4 task:8
[UPDATE] 2025-09-19T17:33:55.530Z actor:4 task:9
[UPDATE] 2025-09-19T17:34:45.003Z actor:4 task:31
[UPDATE] 2025-09-19T17:34:50.377Z actor:4 task:26
